 Image cq-acceptance-27-api Building
 Image cq-acceptance-27-web Building
#1 [internal] load local bake definitions
#1 reading from stdin 965B done
#1 DONE 0.0s

#2 [api internal] load build definition from Dockerfile
#2 transferring dockerfile: 274B done
#2 DONE 0.0s

#3 [web internal] load build definition from Dockerfile
#3 transferring dockerfile: 308B done
#3 DONE 0.0s

#4 [web internal] load metadata for docker.io/library/node:22-alpine
#4 DONE 0.0s

#5 [web internal] load metadata for docker.io/library/nginx:1.27-alpine
#5 DONE 1.0s

#6 [api internal] load metadata for docker.io/library/python:3.12-slim
#6 DONE 1.1s

#7 [web internal] load .dockerignore
#7 transferring context: 2B done
#7 DONE 0.0s

#8 [web build 1/7] FROM docker.io/library/node:22-alpine
#8 DONE 0.0s

#9 [web stage-1 1/3] FROM docker.io/library/nginx:1.27-alpine@sha256:65645c7bb6a0661892a8b03b89d0743208a18dd2f3f17a54ef4b76fb8e2f2a10
#9 DONE 0.0s

#10 [api internal] load .dockerignore
#10 transferring context: 2B done
#10 DONE 0.0s

#11 [api 1/5] FROM docker.io/library/python:3.12-slim@sha256:2f17fc044b579bab302c2e8054d3a686e2cb9a83de48e70534b94cd8ebbe06a9
#11 DONE 0.0s

#12 [api internal] load build context
#12 transferring context: 21.62kB done
#12 DONE 0.0s

#13 [api 2/5] WORKDIR /app
#13 CACHED

#14 [api 3/5] COPY requirements.txt ./
#14 CACHED

#15 [api 4/5] RUN pip install --no-cache-dir -r requirements.txt
#15 CACHED

#16 [api 5/5] COPY . ./
#16 DONE 0.0s

#17 [web internal] load build context
#17 transferring context: 89.03kB 0.1s done
#17 DONE 0.1s

#18 [web build 7/7] RUN npm run build
#18 CACHED

#19 [web build 6/7] COPY . ./
#19 CACHED

#20 [web build 5/7] RUN npm ci --no-audit --no-fund
#20 CACHED

#21 [web build 4/7] COPY package-lock.json ./
#21 CACHED

#22 [web stage-1 2/3] COPY nginx.conf /etc/nginx/conf.d/default.conf
#22 CACHED

#23 [web build 2/7] WORKDIR /app
#23 CACHED

#24 [web build 3/7] COPY package.json ./
#24 CACHED

#25 [web stage-1 3/3] COPY --from=build /app/dist /usr/share/nginx/html
#25 CACHED

#26 [api] exporting to image
#26 exporting layers done
#26 writing image sha256:a6e32b66f134666df6567ae2c16f970d3db76e7e17ea31431e85566aab5d5f07 done
#26 naming to docker.io/library/cq-acceptance-27-api done
#26 DONE 0.0s

#27 [web] exporting to image
#27 exporting layers done
#27 writing image sha256:c1a38e3e47717a05ab9c9820a7d3f1cf549eee39ffface3e5a747718413a08ce done
#27 naming to docker.io/library/cq-acceptance-27-web done
#27 DONE 0.0s

#28 [api] resolving provenance for metadata file
#28 DONE 0.0s

#29 [web] resolving provenance for metadata file
#29 DONE 0.0s
 Image cq-acceptance-27-api Built
 Image cq-acceptance-27-web Built
 Network cq-acceptance-27_default Creating
 Network cq-acceptance-27_default Created
 Volume cq-acceptance-27_postgres_data Creating
 Volume cq-acceptance-27_postgres_data Created
 Container cq-acceptance-27-db-1 Creating
 db The requested image's platform (linux/amd64) does not match the detected host platform (linux/arm64/v8) and no specific platform was requested
 Container cq-acceptance-27-db-1 Created
 Container cq-acceptance-27-api-1 Creating
 Container cq-acceptance-27-api-1 Created
 Container cq-acceptance-27-web-1 Creating
 Container cq-acceptance-27-web-1 Created
 Container cq-acceptance-27-db-1 Starting
 Container cq-acceptance-27-db-1 Started
 Container cq-acceptance-27-db-1 Waiting
 Container cq-acceptance-27-db-1 Healthy
 Container cq-acceptance-27-api-1 Starting
 Container cq-acceptance-27-api-1 Started
 Container cq-acceptance-27-api-1 Waiting
 Container cq-acceptance-27-api-1 Healthy
 Container cq-acceptance-27-web-1 Starting
 Container cq-acceptance-27-web-1 Started
